<?xml version="1.0" encoding="utf-8"?><testsuites><testsuite name="pytest" errors="0" failures="1" skipped="0" tests="3" time="0.163" timestamp="2025-05-09T00:32:47.394165" hostname="PF4MBTPX"><testcase classname="tests.test_routes" name="test_index" time="0.034" /><testcase classname="tests.test_routes" name="test_api_hello" time="0.003" /><testcase classname="tests.test_routes" name="test_api_hello2" time="0.007"><failure message="AssertionError: assert {'message': '... from Flask!'} == {'message': '...om Mayur Gf!'}&#10;  &#10;  Differing items:&#10;  {'message': 'Hello from Flask!'} != {'message': 'Hello from Mayur Gf!'}&#10;  &#10;  Full diff:&#10;    {&#10;  -     'message': 'Hello from Mayur Gf!',...&#10;  &#10;  ...Full output truncated (4 lines hidden), use '-vv' to show">client = &lt;FlaskClient &lt;Flask 'app'&gt;&gt;

    def test_api_hello2(client):
        """Test API endpoint returns 200 and correct data"""
        response = client.get('/api/hello')
        assert response.status_code == 200
&gt;       assert response.json == {"message": "Hello from Mayur Gf!"}  # Updated assertion
E       AssertionError: assert {'message': '... from Flask!'} == {'message': '...om Mayur Gf!'}
E         
E         Differing items:
E         {'message': 'Hello from Flask!'} != {'message': 'Hello from Mayur Gf!'}
E         
E         Full diff:
E           {
E         -     'message': 'Hello from Mayur Gf!',...
E         
E         ...Full output truncated (4 lines hidden), use '-vv' to show

tests/test_routes.py:28: AssertionError</failure></testcase></testsuite></testsuites>